// Jest Snapshot v1, https://goo.gl/fbAQLP

exports[`snapshot testing 1`] = `
<DocumentFragment>
  <button
    class=""
    type="button"
  >
    テキスト
  </button>
</DocumentFragment>
`;
